Schematic (TAG_Compound)
 Height (TAG_Short)
 Length (TAG_Short)
 Width (TAG_Short)
 Entities (TAG_List)
  1/18 (TAG_Compound)
   DropChances (TAG_List)
    1/5 (TAG_Float)
    2/5 (TAG_Float)
    3/5 (TAG_Float)
    4/5 (TAG_Float)
    5/5 (TAG_Float)
   UUIDLeast (TAG_Long)
   Attributes (TAG_List)
    1/4 (TAG_Compound)
     Name (TAG_String)
     Base (TAG_Double)
    2/4 (TAG_Compound)
     Name (TAG_String)
     Base (TAG_Double)
    3/4 (TAG_Compound)
     Name (TAG_String)
     Base (TAG_Double)
    4/4 (TAG_Compound)
     Name (TAG_String)
     Base (TAG_Double)
     Modifiers (TAG_List)
      1/1 (TAG_Compound)
       Name (TAG_String)
       UUIDLeast (TAG_Long)
       Operation (TAG_Int)
       Amount (TAG_Double)
       UUIDMost (TAG_Long)
   Motion (TAG_List)
    1/3 (TAG_Double)
    2/3 (TAG_Double)
    3/3 (TAG_Double)
   CustomName (TAG_String)
   Health (TAG_Short)
   HealF (TAG_Float)
   CustomNameVisible (TAG_Byte)
   id (TAG_String)
   AttackTime (TAG_Short)
   BatFlags (TAG_Byte)
   Fire (TAG_Short)
   Invulnerable (TAG_Byte)
   DeathTime (TAG_Short)
   AbsorptionAmount (TAG_Float)
   Equipment (TAG_List)
    1/5 (TAG_Compound)
    2/5 (TAG_Compound)
    3/5 (TAG_Compound)
    4/5 (TAG_Compound)
    5/5 (TAG_Compound)
   OnGround (TAG_Byte)
   HurtTime (TAG_Short)
   UUIDMost (TAG_Long)
   Dimension (TAG_Int)
   Air (TAG_Short)
   CanPickUpLoot (TAG_Byte)
   PortalCooldown (TAG_Int)
   PersistenceRequired (TAG_Byte)
   Leashed (TAG_Byte)
   FallDistance (TAG_Float)
   Rotation (TAG_List)
    1/2 (TAG_Float)
    2/2 (TAG_Float)
   Pos (TAG_List)
    1/3 (TAG_Double)
    2/3 (TAG_Double)
    3/3 (TAG_Double)
  2/18 (TAG_Compound)
   DropChances (TAG_List)
    1/5 (TAG_Float)
    2/5 (TAG_Float)
    3/5 (TAG_Float)
    4/5 (TAG_Float)
    5/5 (TAG_Float)
   UUIDLeast (TAG_Long)
   Attributes (TAG_List)
    1/4 (TAG_Compound)
     Name (TAG_String)
     Base (TAG_Double)
    2/4 (TAG_Compound)
     Name (TAG_String)
     Base (TAG_Double)
    3/4 (TAG_Compound)
     Name (TAG_String)
     Base (TAG_Double)
    4/4 (TAG_Compound)
     Name (TAG_String)
     Base (TAG_Double)
     Modifiers (TAG_List)
      1/1 (TAG_Compound)
       Name (TAG_String)
       UUIDLeast (TAG_Long)
       Operation (TAG_Int)
       Amount (TAG_Double)
       UUIDMost (TAG_Long)
   Motion (TAG_List)
    1/3 (TAG_Double)
    2/3 (TAG_Double)
    3/3 (TAG_Double)
   CustomName (TAG_String)
   Health (TAG_Short)
   HealF (TAG_Float)
   CustomNameVisible (TAG_Byte)
   id (TAG_String)
   AttackTime (TAG_Short)
   BatFlags (TAG_Byte)
   Fire (TAG_Short)
   Invulnerable (TAG_Byte)
   DeathTime (TAG_Short)
   AbsorptionAmount (TAG_Float)
   Equipment (TAG_List)
    1/5 (TAG_Compound)
    2/5 (TAG_Compound)
    3/5 (TAG_Compound)
    4/5 (TAG_Compound)
    5/5 (TAG_Compound)
   OnGround (TAG_Byte)
   HurtTime (TAG_Short)
   UUIDMost (TAG_Long)
   Dimension (TAG_Int)
   Air (TAG_Short)
   CanPickUpLoot (TAG_Byte)
   PortalCooldown (TAG_Int)
   PersistenceRequired (TAG_Byte)
   Leashed (TAG_Byte)
   FallDistance (TAG_Float)
   Rotation (TAG_List)
    1/2 (TAG_Float)
    2/2 (TAG_Float)
   Pos (TAG_List)
    1/3 (TAG_Double)
    2/3 (TAG_Double)
    3/3 (TAG_Double)
  3/18 (TAG_Compound)
   DropChances (TAG_List)
    1/5 (TAG_Float)
    2/5 (TAG_Float)
    3/5 (TAG_Float)
    4/5 (TAG_Float)
    5/5 (TAG_Float)
   UUIDLeast (TAG_Long)
   Attributes (TAG_List)
    1/4 (TAG_Compound)
     Name (TAG_String)
     Base (TAG_Double)
    2/4 (TAG_Compound)
     Name (TAG_String)
     Base (TAG_Double)
    3/4 (TAG_Compound)
     Name (TAG_String)
     Base (TAG_Double)
    4/4 (TAG_Compound)
     Name (TAG_String)
     Base (TAG_Double)
     Modifiers (TAG_List)
      1/1 (TAG_Compound)
       Name (TAG_String)
       UUIDLeast (TAG_Long)
       Operation (TAG_Int)
       Amount (TAG_Double)
       UUIDMost (TAG_Long)
   Motion (TAG_List)
    1/3 (TAG_Double)
    2/3 (TAG_Double)
    3/3 (TAG_Double)
   CustomName (TAG_String)
   Health (TAG_Short)
   HealF (TAG_Float)
   CustomNameVisible (TAG_Byte)
   id (TAG_String)
   AttackTime (TAG_Short)
   BatFlags (TAG_Byte)
   Fire (TAG_Short)
   Invulnerable (TAG_Byte)
   DeathTime (TAG_Short)
   AbsorptionAmount (TAG_Float)
   Equipment (TAG_List)
    1/5 (TAG_Compound)
    2/5 (TAG_Compound)
    3/5 (TAG_Compound)
    4/5 (TAG_Compound)
    5/5 (TAG_Compound)
   OnGround (TAG_Byte)
   HurtTime (TAG_Short)
   UUIDMost (TAG_Long)
   Dimension (TAG_Int)
   Air (TAG_Short)
   CanPickUpLoot (TAG_Byte)
   PortalCooldown (TAG_Int)
   PersistenceRequired (TAG_Byte)
   Leashed (TAG_Byte)
   FallDistance (TAG_Float)
   Rotation (TAG_List)
    1/2 (TAG_Float)
    2/2 (TAG_Float)
   Pos (TAG_List)
    1/3 (TAG_Double)
    2/3 (TAG_Double)
    3/3 (TAG_Double)
  4/18 (TAG_Compound)
   DropChances (TAG_List)
    1/5 (TAG_Float)
    2/5 (TAG_Float)
    3/5 (TAG_Float)
    4/5 (TAG_Float)
    5/5 (TAG_Float)
   UUIDLeast (TAG_Long)
   Attributes (TAG_List)
    1/4 (TAG_Compound)
     Name (TAG_String)
     Base (TAG_Double)
    2/4 (TAG_Compound)
     Name (TAG_String)
     Base (TAG_Double)
    3/4 (TAG_Compound)
     Name (TAG_String)
     Base (TAG_Double)
    4/4 (TAG_Compound)
     Name (TAG_String)
     Base (TAG_Double)
     Modifiers (TAG_List)
      1/1 (TAG_Compound)
       Name (TAG_String)
       UUIDLeast (TAG_Long)
       Operation (TAG_Int)
       Amount (TAG_Double)
       UUIDMost (TAG_Long)
   Motion (TAG_List)
    1/3 (TAG_Double)
    2/3 (TAG_Double)
    3/3 (TAG_Double)
   CustomName (TAG_String)
   Health (TAG_Short)
   HealF (TAG_Float)
   CustomNameVisible (TAG_Byte)
   id (TAG_String)
   AttackTime (TAG_Short)
   BatFlags (TAG_Byte)
   Fire (TAG_Short)
   Invulnerable (TAG_Byte)
   DeathTime (TAG_Short)
   AbsorptionAmount (TAG_Float)
   Equipment (TAG_List)
    1/5 (TAG_Compound)
    2/5 (TAG_Compound)
    3/5 (TAG_Compound)
    4/5 (TAG_Compound)
    5/5 (TAG_Compound)
   OnGround (TAG_Byte)
   HurtTime (TAG_Short)
   UUIDMost (TAG_Long)
   Dimension (TAG_Int)
   Air (TAG_Short)
   CanPickUpLoot (TAG_Byte)
   PortalCooldown (TAG_Int)
   PersistenceRequired (TAG_Byte)
   Leashed (TAG_Byte)
   FallDistance (TAG_Float)
   Rotation (TAG_List)
    1/2 (TAG_Float)
    2/2 (TAG_Float)
   Pos (TAG_List)
    1/3 (TAG_Double)
    2/3 (TAG_Double)
    3/3 (TAG_Double)
  5/18 (TAG_Compound)
   DropChances (TAG_List)
    1/5 (TAG_Float)
    2/5 (TAG_Float)
    3/5 (TAG_Float)
    4/5 (TAG_Float)
    5/5 (TAG_Float)
   UUIDLeast (TAG_Long)
   Attributes (TAG_List)
    1/4 (TAG_Compound)
     Name (TAG_String)
     Base (TAG_Double)
    2/4 (TAG_Compound)
     Name (TAG_String)
     Base (TAG_Double)
    3/4 (TAG_Compound)
     Name (TAG_String)
     Base (TAG_Double)
    4/4 (TAG_Compound)
     Name (TAG_String)
     Base (TAG_Double)
     Modifiers (TAG_List)
      1/1 (TAG_Compound)
       Name (TAG_String)
       UUIDLeast (TAG_Long)
       Operation (TAG_Int)
       Amount (TAG_Double)
       UUIDMost (TAG_Long)
   Motion (TAG_List)
    1/3 (TAG_Double)
    2/3 (TAG_Double)
    3/3 (TAG_Double)
   CustomName (TAG_String)
   Health (TAG_Short)
   HealF (TAG_Float)
   CustomNameVisible (TAG_Byte)
   id (TAG_String)
   AttackTime (TAG_Short)
   BatFlags (TAG_Byte)
   Fire (TAG_Short)
   Invulnerable (TAG_Byte)
   DeathTime (TAG_Short)
   AbsorptionAmount (TAG_Float)
   Equipment (TAG_List)
    1/5 (TAG_Compound)
    2/5 (TAG_Compound)
    3/5 (TAG_Compound)
    4/5 (TAG_Compound)
    5/5 (TAG_Compound)
   OnGround (TAG_Byte)
   HurtTime (TAG_Short)
   UUIDMost (TAG_Long)
   Dimension (TAG_Int)
   Air (TAG_Short)
   CanPickUpLoot (TAG_Byte)
   PortalCooldown (TAG_Int)
   PersistenceRequired (TAG_Byte)
   Leashed (TAG_Byte)
   FallDistance (TAG_Float)
   Rotation (TAG_List)
    1/2 (TAG_Float)
    2/2 (TAG_Float)
   Pos (TAG_List)
    1/3 (TAG_Double)
    2/3 (TAG_Double)
    3/3 (TAG_Double)
  6/18 (TAG_Compound)
   DropChances (TAG_List)
    1/5 (TAG_Float)
    2/5 (TAG_Float)
    3/5 (TAG_Float)
    4/5 (TAG_Float)
    5/5 (TAG_Float)
   UUIDLeast (TAG_Long)
   Attributes (TAG_List)
    1/4 (TAG_Compound)
     Name (TAG_String)
     Base (TAG_Double)
    2/4 (TAG_Compound)
     Name (TAG_String)
     Base (TAG_Double)
    3/4 (TAG_Compound)
     Name (TAG_String)
     Base (TAG_Double)
    4/4 (TAG_Compound)
     Name (TAG_String)
     Base (TAG_Double)
     Modifiers (TAG_List)
      1/1 (TAG_Compound)
       Name (TAG_String)
       UUIDLeast (TAG_Long)
       Operation (TAG_Int)
       Amount (TAG_Double)
       UUIDMost (TAG_Long)
   Motion (TAG_List)
    1/3 (TAG_Double)
    2/3 (TAG_Double)
    3/3 (TAG_Double)
   CustomName (TAG_String)
   Health (TAG_Short)
   HealF (TAG_Float)
   CustomNameVisible (TAG_Byte)
   id (TAG_String)
   AttackTime (TAG_Short)
   BatFlags (TAG_Byte)
   Fire (TAG_Short)
   Invulnerable (TAG_Byte)
   DeathTime (TAG_Short)
   AbsorptionAmount (TAG_Float)
   Equipment (TAG_List)
    1/5 (TAG_Compound)
    2/5 (TAG_Compound)
    3/5 (TAG_Compound)
    4/5 (TAG_Compound)
    5/5 (TAG_Compound)
   OnGround (TAG_Byte)
   HurtTime (TAG_Short)
   UUIDMost (TAG_Long)
   Dimension (TAG_Int)
   Air (TAG_Short)
   CanPickUpLoot (TAG_Byte)
   PortalCooldown (TAG_Int)
   PersistenceRequired (TAG_Byte)
   Leashed (TAG_Byte)
   FallDistance (TAG_Float)
   Rotation (TAG_List)
    1/2 (TAG_Float)
    2/2 (TAG_Float)
   Pos (TAG_List)
    1/3 (TAG_Double)
    2/3 (TAG_Double)
    3/3 (TAG_Double)
  7/18 (TAG_Compound)
   DropChances (TAG_List)
    1/5 (TAG_Float)
    2/5 (TAG_Float)
    3/5 (TAG_Float)
    4/5 (TAG_Float)
    5/5 (TAG_Float)
   UUIDLeast (TAG_Long)
   Attributes (TAG_List)
    1/4 (TAG_Compound)
     Name (TAG_String)
     Base (TAG_Double)
    2/4 (TAG_Compound)
     Name (TAG_String)
     Base (TAG_Double)
    3/4 (TAG_Compound)
     Name (TAG_String)
     Base (TAG_Double)
    4/4 (TAG_Compound)
     Name (TAG_String)
     Base (TAG_Double)
     Modifiers (TAG_List)
      1/1 (TAG_Compound)
       Name (TAG_String)
       UUIDLeast (TAG_Long)
       Operation (TAG_Int)
       Amount (TAG_Double)
       UUIDMost (TAG_Long)
   Motion (TAG_List)
    1/3 (TAG_Double)
    2/3 (TAG_Double)
    3/3 (TAG_Double)
   CustomName (TAG_String)
   Health (TAG_Short)
   HealF (TAG_Float)
   CustomNameVisible (TAG_Byte)
   id (TAG_String)
   AttackTime (TAG_Short)
   BatFlags (TAG_Byte)
   Fire (TAG_Short)
   Invulnerable (TAG_Byte)
   DeathTime (TAG_Short)
   AbsorptionAmount (TAG_Float)
   Equipment (TAG_List)
    1/5 (TAG_Compound)
    2/5 (TAG_Compound)
    3/5 (TAG_Compound)
    4/5 (TAG_Compound)
    5/5 (TAG_Compound)
   OnGround (TAG_Byte)
   HurtTime (TAG_Short)
   UUIDMost (TAG_Long)
   Dimension (TAG_Int)
   Air (TAG_Short)
   CanPickUpLoot (TAG_Byte)
   PortalCooldown (TAG_Int)
   PersistenceRequired (TAG_Byte)
   Leashed (TAG_Byte)
   FallDistance (TAG_Float)
   Rotation (TAG_List)
    1/2 (TAG_Float)
    2/2 (TAG_Float)
   Pos (TAG_List)
    1/3 (TAG_Double)
    2/3 (TAG_Double)
    3/3 (TAG_Double)
  8/18 (TAG_Compound)
   DropChances (TAG_List)
    1/5 (TAG_Float)
    2/5 (TAG_Float)
    3/5 (TAG_Float)
    4/5 (TAG_Float)
    5/5 (TAG_Float)
   UUIDLeast (TAG_Long)
   Attributes (TAG_List)
    1/4 (TAG_Compound)
     Name (TAG_String)
     Base (TAG_Double)
    2/4 (TAG_Compound)
     Name (TAG_String)
     Base (TAG_Double)
    3/4 (TAG_Compound)
     Name (TAG_String)
     Base (TAG_Double)
    4/4 (TAG_Compound)
     Name (TAG_String)
     Base (TAG_Double)
     Modifiers (TAG_List)
      1/1 (TAG_Compound)
       Name (TAG_String)
       UUIDLeast (TAG_Long)
       Operation (TAG_Int)
       Amount (TAG_Double)
       UUIDMost (TAG_Long)
   Motion (TAG_List)
    1/3 (TAG_Double)
    2/3 (TAG_Double)
    3/3 (TAG_Double)
   CustomName (TAG_String)
   Health (TAG_Short)
   HealF (TAG_Float)
   CustomNameVisible (TAG_Byte)
   id (TAG_String)
   AttackTime (TAG_Short)
   BatFlags (TAG_Byte)
   Fire (TAG_Short)
   Invulnerable (TAG_Byte)
   DeathTime (TAG_Short)
   AbsorptionAmount (TAG_Float)
   Equipment (TAG_List)
    1/5 (TAG_Compound)
    2/5 (TAG_Compound)
    3/5 (TAG_Compound)
    4/5 (TAG_Compound)
    5/5 (TAG_Compound)
   OnGround (TAG_Byte)
   HurtTime (TAG_Short)
   UUIDMost (TAG_Long)
   Dimension (TAG_Int)
   Air (TAG_Short)
   CanPickUpLoot (TAG_Byte)
   PortalCooldown (TAG_Int)
   PersistenceRequired (TAG_Byte)
   Leashed (TAG_Byte)
   FallDistance (TAG_Float)
   Rotation (TAG_List)
    1/2 (TAG_Float)
    2/2 (TAG_Float)
   Pos (TAG_List)
    1/3 (TAG_Double)
    2/3 (TAG_Double)
    3/3 (TAG_Double)
  9/18 (TAG_Compound)
   DropChances (TAG_List)
    1/5 (TAG_Float)
    2/5 (TAG_Float)
    3/5 (TAG_Float)
    4/5 (TAG_Float)
    5/5 (TAG_Float)
   UUIDLeast (TAG_Long)
   Attributes (TAG_List)
    1/4 (TAG_Compound)
     Name (TAG_String)
     Base (TAG_Double)
    2/4 (TAG_Compound)
     Name (TAG_String)
     Base (TAG_Double)
    3/4 (TAG_Compound)
     Name (TAG_String)
     Base (TAG_Double)
    4/4 (TAG_Compound)
     Name (TAG_String)
     Base (TAG_Double)
     Modifiers (TAG_List)
      1/1 (TAG_Compound)
       Name (TAG_String)
       UUIDLeast (TAG_Long)
       Operation (TAG_Int)
       Amount (TAG_Double)
       UUIDMost (TAG_Long)
   Motion (TAG_List)
    1/3 (TAG_Double)
    2/3 (TAG_Double)
    3/3 (TAG_Double)
   CustomName (TAG_String)
   Health (TAG_Short)
   HealF (TAG_Float)
   CustomNameVisible (TAG_Byte)
   id (TAG_String)
   AttackTime (TAG_Short)
   BatFlags (TAG_Byte)
   Fire (TAG_Short)
   Invulnerable (TAG_Byte)
   DeathTime (TAG_Short)
   AbsorptionAmount (TAG_Float)
   Equipment (TAG_List)
    1/5 (TAG_Compound)
    2/5 (TAG_Compound)
    3/5 (TAG_Compound)
    4/5 (TAG_Compound)
    5/5 (TAG_Compound)
   OnGround (TAG_Byte)
   HurtTime (TAG_Short)
   UUIDMost (TAG_Long)
   Dimension (TAG_Int)
   Air (TAG_Short)
   CanPickUpLoot (TAG_Byte)
   PortalCooldown (TAG_Int)
   PersistenceRequired (TAG_Byte)
   Leashed (TAG_Byte)
   FallDistance (TAG_Float)
   Rotation (TAG_List)
    1/2 (TAG_Float)
    2/2 (TAG_Float)
   Pos (TAG_List)
    1/3 (TAG_Double)
    2/3 (TAG_Double)
    3/3 (TAG_Double)
  10/18 (TAG_Compound)
   DropChances (TAG_List)
    1/5 (TAG_Float)
    2/5 (TAG_Float)
    3/5 (TAG_Float)
    4/5 (TAG_Float)
    5/5 (TAG_Float)
   UUIDLeast (TAG_Long)
   Attributes (TAG_List)
    1/4 (TAG_Compound)
     Name (TAG_String)
     Base (TAG_Double)
    2/4 (TAG_Compound)
     Name (TAG_String)
     Base (TAG_Double)
    3/4 (TAG_Compound)
     Name (TAG_String)
     Base (TAG_Double)
    4/4 (TAG_Compound)
     Name (TAG_String)
     Base (TAG_Double)
     Modifiers (TAG_List)
      1/1 (TAG_Compound)
       Name (TAG_String)
       UUIDLeast (TAG_Long)
       Operation (TAG_Int)
       Amount (TAG_Double)
       UUIDMost (TAG_Long)
   Motion (TAG_List)
    1/3 (TAG_Double)
    2/3 (TAG_Double)
    3/3 (TAG_Double)
   CustomName (TAG_String)
   Health (TAG_Short)
   HealF (TAG_Float)
   CustomNameVisible (TAG_Byte)
   id (TAG_String)
   AttackTime (TAG_Short)
   BatFlags (TAG_Byte)
   Fire (TAG_Short)
   Invulnerable (TAG_Byte)
   DeathTime (TAG_Short)
   AbsorptionAmount (TAG_Float)
   Equipment (TAG_List)
    1/5 (TAG_Compound)
    2/5 (TAG_Compound)
    3/5 (TAG_Compound)
    4/5 (TAG_Compound)
    5/5 (TAG_Compound)
   OnGround (TAG_Byte)
   HurtTime (TAG_Short)
   UUIDMost (TAG_Long)
   Dimension (TAG_Int)
   Air (TAG_Short)
   CanPickUpLoot (TAG_Byte)
   PortalCooldown (TAG_Int)
   PersistenceRequired (TAG_Byte)
   Leashed (TAG_Byte)
   FallDistance (TAG_Float)
   Rotation (TAG_List)
    1/2 (TAG_Float)
    2/2 (TAG_Float)
   Pos (TAG_List)
    1/3 (TAG_Double)
    2/3 (TAG_Double)
    3/3 (TAG_Double)
  11/18 (TAG_Compound)
   DropChances (TAG_List)
    1/5 (TAG_Float)
    2/5 (TAG_Float)
    3/5 (TAG_Float)
    4/5 (TAG_Float)
    5/5 (TAG_Float)
   UUIDLeast (TAG_Long)
   Attributes (TAG_List)
    1/4 (TAG_Compound)
     Name (TAG_String)
     Base (TAG_Double)
    2/4 (TAG_Compound)
     Name (TAG_String)
     Base (TAG_Double)
    3/4 (TAG_Compound)
     Name (TAG_String)
     Base (TAG_Double)
    4/4 (TAG_Compound)
     Name (TAG_String)
     Base (TAG_Double)
     Modifiers (TAG_List)
      1/1 (TAG_Compound)
       Name (TAG_String)
       UUIDLeast (TAG_Long)
       Operation (TAG_Int)
       Amount (TAG_Double)
       UUIDMost (TAG_Long)
   Motion (TAG_List)
    1/3 (TAG_Double)
    2/3 (TAG_Double)
    3/3 (TAG_Double)
   CustomName (TAG_String)
   Health (TAG_Short)
   HealF (TAG_Float)
   CustomNameVisible (TAG_Byte)
   id (TAG_String)
   AttackTime (TAG_Short)
   BatFlags (TAG_Byte)
   Fire (TAG_Short)
   Invulnerable (TAG_Byte)
   DeathTime (TAG_Short)
   AbsorptionAmount (TAG_Float)
   Equipment (TAG_List)
    1/5 (TAG_Compound)
    2/5 (TAG_Compound)
    3/5 (TAG_Compound)
    4/5 (TAG_Compound)
    5/5 (TAG_Compound)
   OnGround (TAG_Byte)
   HurtTime (TAG_Short)
   UUIDMost (TAG_Long)
   Dimension (TAG_Int)
   Air (TAG_Short)
   CanPickUpLoot (TAG_Byte)
   PortalCooldown (TAG_Int)
   PersistenceRequired (TAG_Byte)
   Leashed (TAG_Byte)
   FallDistance (TAG_Float)
   Rotation (TAG_List)
    1/2 (TAG_Float)
    2/2 (TAG_Float)
   Pos (TAG_List)
    1/3 (TAG_Double)
    2/3 (TAG_Double)
    3/3 (TAG_Double)
  12/18 (TAG_Compound)
   DropChances (TAG_List)
    1/5 (TAG_Float)
    2/5 (TAG_Float)
    3/5 (TAG_Float)
    4/5 (TAG_Float)
    5/5 (TAG_Float)
   UUIDLeast (TAG_Long)
   Attributes (TAG_List)
    1/4 (TAG_Compound)
     Name (TAG_String)
     Base (TAG_Double)
    2/4 (TAG_Compound)
     Name (TAG_String)
     Base (TAG_Double)
    3/4 (TAG_Compound)
     Name (TAG_String)
     Base (TAG_Double)
    4/4 (TAG_Compound)
     Name (TAG_String)
     Base (TAG_Double)
     Modifiers (TAG_List)
      1/1 (TAG_Compound)
       Name (TAG_String)
       UUIDLeast (TAG_Long)
       Operation (TAG_Int)
       Amount (TAG_Double)
       UUIDMost (TAG_Long)
   Motion (TAG_List)
    1/3 (TAG_Double)
    2/3 (TAG_Double)
    3/3 (TAG_Double)
   CustomName (TAG_String)
   Health (TAG_Short)
   HealF (TAG_Float)
   CustomNameVisible (TAG_Byte)
   id (TAG_String)
   AttackTime (TAG_Short)
   BatFlags (TAG_Byte)
   Fire (TAG_Short)
   Invulnerable (TAG_Byte)
   DeathTime (TAG_Short)
   AbsorptionAmount (TAG_Float)
   Equipment (TAG_List)
    1/5 (TAG_Compound)
    2/5 (TAG_Compound)
    3/5 (TAG_Compound)
    4/5 (TAG_Compound)
    5/5 (TAG_Compound)
   OnGround (TAG_Byte)
   HurtTime (TAG_Short)
   UUIDMost (TAG_Long)
   Dimension (TAG_Int)
   Air (TAG_Short)
   CanPickUpLoot (TAG_Byte)
   PortalCooldown (TAG_Int)
   PersistenceRequired (TAG_Byte)
   Leashed (TAG_Byte)
   FallDistance (TAG_Float)
   Rotation (TAG_List)
    1/2 (TAG_Float)
    2/2 (TAG_Float)
   Pos (TAG_List)
    1/3 (TAG_Double)
    2/3 (TAG_Double)
    3/3 (TAG_Double)
  13/18 (TAG_Compound)
   DropChances (TAG_List)
    1/5 (TAG_Float)
    2/5 (TAG_Float)
    3/5 (TAG_Float)
    4/5 (TAG_Float)
    5/5 (TAG_Float)
   UUIDLeast (TAG_Long)
   Attributes (TAG_List)
    1/4 (TAG_Compound)
     Name (TAG_String)
     Base (TAG_Double)
    2/4 (TAG_Compound)
     Name (TAG_String)
     Base (TAG_Double)
    3/4 (TAG_Compound)
     Name (TAG_String)
     Base (TAG_Double)
    4/4 (TAG_Compound)
     Name (TAG_String)
     Base (TAG_Double)
     Modifiers (TAG_List)
      1/1 (TAG_Compound)
       Name (TAG_String)
       UUIDLeast (TAG_Long)
       Operation (TAG_Int)
       Amount (TAG_Double)
       UUIDMost (TAG_Long)
   Motion (TAG_List)
    1/3 (TAG_Double)
    2/3 (TAG_Double)
    3/3 (TAG_Double)
   CustomName (TAG_String)
   Health (TAG_Short)
   HealF (TAG_Float)
   CustomNameVisible (TAG_Byte)
   id (TAG_String)
   AttackTime (TAG_Short)
   BatFlags (TAG_Byte)
   Fire (TAG_Short)
   Invulnerable (TAG_Byte)
   DeathTime (TAG_Short)
   AbsorptionAmount (TAG_Float)
   Equipment (TAG_List)
    1/5 (TAG_Compound)
    2/5 (TAG_Compound)
    3/5 (TAG_Compound)
    4/5 (TAG_Compound)
    5/5 (TAG_Compound)
   OnGround (TAG_Byte)
   HurtTime (TAG_Short)
   UUIDMost (TAG_Long)
   Dimension (TAG_Int)
   Air (TAG_Short)
   CanPickUpLoot (TAG_Byte)
   PortalCooldown (TAG_Int)
   PersistenceRequired (TAG_Byte)
   Leashed (TAG_Byte)
   FallDistance (TAG_Float)
   Rotation (TAG_List)
    1/2 (TAG_Float)
    2/2 (TAG_Float)
   Pos (TAG_List)
    1/3 (TAG_Double)
    2/3 (TAG_Double)
    3/3 (TAG_Double)
  14/18 (TAG_Compound)
   DropChances (TAG_List)
    1/5 (TAG_Float)
    2/5 (TAG_Float)
    3/5 (TAG_Float)
    4/5 (TAG_Float)
    5/5 (TAG_Float)
   UUIDLeast (TAG_Long)
   Attributes (TAG_List)
    1/4 (TAG_Compound)
     Name (TAG_String)
     Base (TAG_Double)
    2/4 (TAG_Compound)
     Name (TAG_String)
     Base (TAG_Double)
    3/4 (TAG_Compound)
     Name (TAG_String)
     Base (TAG_Double)
    4/4 (TAG_Compound)
     Name (TAG_String)
     Base (TAG_Double)
     Modifiers (TAG_List)
      1/1 (TAG_Compound)
       Name (TAG_String)
       UUIDLeast (TAG_Long)
       Operation (TAG_Int)
       Amount (TAG_Double)
       UUIDMost (TAG_Long)
   Motion (TAG_List)
    1/3 (TAG_Double)
    2/3 (TAG_Double)
    3/3 (TAG_Double)
   CustomName (TAG_String)
   Health (TAG_Short)
   HealF (TAG_Float)
   CustomNameVisible (TAG_Byte)
   id (TAG_String)
   AttackTime (TAG_Short)
   BatFlags (TAG_Byte)
   Fire (TAG_Short)
   Invulnerable (TAG_Byte)
   DeathTime (TAG_Short)
   AbsorptionAmount (TAG_Float)
   Equipment (TAG_List)
    1/5 (TAG_Compound)
    2/5 (TAG_Compound)
    3/5 (TAG_Compound)
    4/5 (TAG_Compound)
    5/5 (TAG_Compound)
   OnGround (TAG_Byte)
   HurtTime (TAG_Short)
   UUIDMost (TAG_Long)
   Dimension (TAG_Int)
   Air (TAG_Short)
   CanPickUpLoot (TAG_Byte)
   PortalCooldown (TAG_Int)
   PersistenceRequired (TAG_Byte)
   Leashed (TAG_Byte)
   FallDistance (TAG_Float)
   Rotation (TAG_List)
    1/2 (TAG_Float)
    2/2 (TAG_Float)
   Pos (TAG_List)
    1/3 (TAG_Double)
    2/3 (TAG_Double)
    3/3 (TAG_Double)
  15/18 (TAG_Compound)
   DropChances (TAG_List)
    1/5 (TAG_Float)
    2/5 (TAG_Float)
    3/5 (TAG_Float)
    4/5 (TAG_Float)
    5/5 (TAG_Float)
   UUIDLeast (TAG_Long)
   Attributes (TAG_List)
    1/4 (TAG_Compound)
     Name (TAG_String)
     Base (TAG_Double)
    2/4 (TAG_Compound)
     Name (TAG_String)
     Base (TAG_Double)
    3/4 (TAG_Compound)
     Name (TAG_String)
     Base (TAG_Double)
    4/4 (TAG_Compound)
     Name (TAG_String)
     Base (TAG_Double)
     Modifiers (TAG_List)
      1/1 (TAG_Compound)
       Name (TAG_String)
       UUIDLeast (TAG_Long)
       Operation (TAG_Int)
       Amount (TAG_Double)
       UUIDMost (TAG_Long)
   Motion (TAG_List)
    1/3 (TAG_Double)
    2/3 (TAG_Double)
    3/3 (TAG_Double)
   CustomName (TAG_String)
   Health (TAG_Short)
   HealF (TAG_Float)
   CustomNameVisible (TAG_Byte)
   id (TAG_String)
   AttackTime (TAG_Short)
   BatFlags (TAG_Byte)
   Fire (TAG_Short)
   Invulnerable (TAG_Byte)
   DeathTime (TAG_Short)
   AbsorptionAmount (TAG_Float)
   Equipment (TAG_List)
    1/5 (TAG_Compound)
    2/5 (TAG_Compound)
    3/5 (TAG_Compound)
    4/5 (TAG_Compound)
    5/5 (TAG_Compound)
   OnGround (TAG_Byte)
   HurtTime (TAG_Short)
   UUIDMost (TAG_Long)
   Dimension (TAG_Int)
   Air (TAG_Short)
   CanPickUpLoot (TAG_Byte)
   PortalCooldown (TAG_Int)
   PersistenceRequired (TAG_Byte)
   Leashed (TAG_Byte)
   FallDistance (TAG_Float)
   Rotation (TAG_List)
    1/2 (TAG_Float)
    2/2 (TAG_Float)
   Pos (TAG_List)
    1/3 (TAG_Double)
    2/3 (TAG_Double)
    3/3 (TAG_Double)
  16/18 (TAG_Compound)
   DropChances (TAG_List)
    1/5 (TAG_Float)
    2/5 (TAG_Float)
    3/5 (TAG_Float)
    4/5 (TAG_Float)
    5/5 (TAG_Float)
   UUIDLeast (TAG_Long)
   Attributes (TAG_List)
    1/4 (TAG_Compound)
     Name (TAG_String)
     Base (TAG_Double)
    2/4 (TAG_Compound)
     Name (TAG_String)
     Base (TAG_Double)
    3/4 (TAG_Compound)
     Name (TAG_String)
     Base (TAG_Double)
    4/4 (TAG_Compound)
     Name (TAG_String)
     Base (TAG_Double)
     Modifiers (TAG_List)
      1/1 (TAG_Compound)
       Name (TAG_String)
       UUIDLeast (TAG_Long)
       Operation (TAG_Int)
       Amount (TAG_Double)
       UUIDMost (TAG_Long)
   Motion (TAG_List)
    1/3 (TAG_Double)
    2/3 (TAG_Double)
    3/3 (TAG_Double)
   CustomName (TAG_String)
   Health (TAG_Short)
   HealF (TAG_Float)
   CustomNameVisible (TAG_Byte)
   id (TAG_String)
   AttackTime (TAG_Short)
   BatFlags (TAG_Byte)
   Fire (TAG_Short)
   Invulnerable (TAG_Byte)
   DeathTime (TAG_Short)
   AbsorptionAmount (TAG_Float)
   Equipment (TAG_List)
    1/5 (TAG_Compound)
    2/5 (TAG_Compound)
    3/5 (TAG_Compound)
    4/5 (TAG_Compound)
    5/5 (TAG_Compound)
   OnGround (TAG_Byte)
   HurtTime (TAG_Short)
   UUIDMost (TAG_Long)
   Dimension (TAG_Int)
   Air (TAG_Short)
   CanPickUpLoot (TAG_Byte)
   PortalCooldown (TAG_Int)
   PersistenceRequired (TAG_Byte)
   Leashed (TAG_Byte)
   FallDistance (TAG_Float)
   Rotation (TAG_List)
    1/2 (TAG_Float)
    2/2 (TAG_Float)
   Pos (TAG_List)
    1/3 (TAG_Double)
    2/3 (TAG_Double)
    3/3 (TAG_Double)
  17/18 (TAG_Compound)
   DropChances (TAG_List)
    1/5 (TAG_Float)
    2/5 (TAG_Float)
    3/5 (TAG_Float)
    4/5 (TAG_Float)
    5/5 (TAG_Float)
   UUIDLeast (TAG_Long)
   Attributes (TAG_List)
    1/4 (TAG_Compound)
     Name (TAG_String)
     Base (TAG_Double)
    2/4 (TAG_Compound)
     Name (TAG_String)
     Base (TAG_Double)
    3/4 (TAG_Compound)
     Name (TAG_String)
     Base (TAG_Double)
    4/4 (TAG_Compound)
     Name (TAG_String)
     Base (TAG_Double)
     Modifiers (TAG_List)
      1/1 (TAG_Compound)
       Name (TAG_String)
       UUIDLeast (TAG_Long)
       Operation (TAG_Int)
       Amount (TAG_Double)
       UUIDMost (TAG_Long)
   Motion (TAG_List)
    1/3 (TAG_Double)
    2/3 (TAG_Double)
    3/3 (TAG_Double)
   CustomName (TAG_String)
   Health (TAG_Short)
   HealF (TAG_Float)
   CustomNameVisible (TAG_Byte)
   id (TAG_String)
   AttackTime (TAG_Short)
   BatFlags (TAG_Byte)
   Fire (TAG_Short)
   Invulnerable (TAG_Byte)
   DeathTime (TAG_Short)
   AbsorptionAmount (TAG_Float)
   Equipment (TAG_List)
    1/5 (TAG_Compound)
    2/5 (TAG_Compound)
    3/5 (TAG_Compound)
    4/5 (TAG_Compound)
    5/5 (TAG_Compound)
   OnGround (TAG_Byte)
   HurtTime (TAG_Short)
   UUIDMost (TAG_Long)
   Dimension (TAG_Int)
   Air (TAG_Short)
   CanPickUpLoot (TAG_Byte)
   PortalCooldown (TAG_Int)
   PersistenceRequired (TAG_Byte)
   Leashed (TAG_Byte)
   FallDistance (TAG_Float)
   Rotation (TAG_List)
    1/2 (TAG_Float)
    2/2 (TAG_Float)
   Pos (TAG_List)
    1/3 (TAG_Double)
    2/3 (TAG_Double)
    3/3 (TAG_Double)
  18/18 (TAG_Compound)
   DropChances (TAG_List)
    1/5 (TAG_Float)
    2/5 (TAG_Float)
    3/5 (TAG_Float)
    4/5 (TAG_Float)
    5/5 (TAG_Float)
   UUIDLeast (TAG_Long)
   Attributes (TAG_List)
    1/4 (TAG_Compound)
     Name (TAG_String)
     Base (TAG_Double)
    2/4 (TAG_Compound)
     Name (TAG_String)
     Base (TAG_Double)
    3/4 (TAG_Compound)
     Name (TAG_String)
     Base (TAG_Double)
    4/4 (TAG_Compound)
     Name (TAG_String)
     Base (TAG_Double)
     Modifiers (TAG_List)
      1/1 (TAG_Compound)
       Name (TAG_String)
       UUIDLeast (TAG_Long)
       Operation (TAG_Int)
       Amount (TAG_Double)
       UUIDMost (TAG_Long)
   Motion (TAG_List)
    1/3 (TAG_Double)
    2/3 (TAG_Double)
    3/3 (TAG_Double)
   CustomName (TAG_String)
   Health (TAG_Short)
   HealF (TAG_Float)
   CustomNameVisible (TAG_Byte)
   id (TAG_String)
   AttackTime (TAG_Short)
   BatFlags (TAG_Byte)
   Fire (TAG_Short)
   Invulnerable (TAG_Byte)
   DeathTime (TAG_Short)
   AbsorptionAmount (TAG_Float)
   Equipment (TAG_List)
    1/5 (TAG_Compound)
    2/5 (TAG_Compound)
    3/5 (TAG_Compound)
    4/5 (TAG_Compound)
    5/5 (TAG_Compound)
   OnGround (TAG_Byte)
   HurtTime (TAG_Short)
   UUIDMost (TAG_Long)
   Dimension (TAG_Int)
   Air (TAG_Short)
   CanPickUpLoot (TAG_Byte)
   PortalCooldown (TAG_Int)
   PersistenceRequired (TAG_Byte)
   Leashed (TAG_Byte)
   FallDistance (TAG_Float)
   Rotation (TAG_List)
    1/2 (TAG_Float)
    2/2 (TAG_Float)
   Pos (TAG_List)
    1/3 (TAG_Double)
    2/3 (TAG_Double)
    3/3 (TAG_Double)
 TileEntities (TAG_List)
  1/93 (TAG_Compound)
   Levels (TAG_Int)
   id (TAG_String)
   Primary (TAG_Int)
   Secondary (TAG_Int)
   x (TAG_Int)
   y (TAG_Int)
   z (TAG_Int)
  2/93 (TAG_Compound)
   Levels (TAG_Int)
   id (TAG_String)
   Primary (TAG_Int)
   Secondary (TAG_Int)
   x (TAG_Int)
   y (TAG_Int)
   z (TAG_Int)
  3/93 (TAG_Compound)
   Levels (TAG_Int)
   id (TAG_String)
   Primary (TAG_Int)
   Secondary (TAG_Int)
   x (TAG_Int)
   y (TAG_Int)
   z (TAG_Int)
  4/93 (TAG_Compound)
   Levels (TAG_Int)
   id (TAG_String)
   Primary (TAG_Int)
   Secondary (TAG_Int)
   x (TAG_Int)
   y (TAG_Int)
   z (TAG_Int)
  5/93 (TAG_Compound)
   Levels (TAG_Int)
   id (TAG_String)
   Primary (TAG_Int)
   Secondary (TAG_Int)
   x (TAG_Int)
   y (TAG_Int)
   z (TAG_Int)
  6/93 (TAG_Compound)
   Levels (TAG_Int)
   id (TAG_String)
   Primary (TAG_Int)
   Secondary (TAG_Int)
   x (TAG_Int)
   y (TAG_Int)
   z (TAG_Int)
  7/93 (TAG_Compound)
   Levels (TAG_Int)
   id (TAG_String)
   Primary (TAG_Int)
   Secondary (TAG_Int)
   x (TAG_Int)
   y (TAG_Int)
   z (TAG_Int)
  8/93 (TAG_Compound)
   Levels (TAG_Int)
   id (TAG_String)
   Primary (TAG_Int)
   Secondary (TAG_Int)
   x (TAG_Int)
   y (TAG_Int)
   z (TAG_Int)
  9/93 (TAG_Compound)
   Levels (TAG_Int)
   id (TAG_String)
   Primary (TAG_Int)
   Secondary (TAG_Int)
   x (TAG_Int)
   y (TAG_Int)
   z (TAG_Int)
  10/93 (TAG_Compound)
   Levels (TAG_Int)
   id (TAG_String)
   Primary (TAG_Int)
   Secondary (TAG_Int)
   x (TAG_Int)
   y (TAG_Int)
   z (TAG_Int)
  11/93 (TAG_Compound)
   Levels (TAG_Int)
   id (TAG_String)
   Primary (TAG_Int)
   Secondary (TAG_Int)
   x (TAG_Int)
   y (TAG_Int)
   z (TAG_Int)
  12/93 (TAG_Compound)
   Levels (TAG_Int)
   id (TAG_String)
   Primary (TAG_Int)
   Secondary (TAG_Int)
   x (TAG_Int)
   y (TAG_Int)
   z (TAG_Int)
  13/93 (TAG_Compound)
   Levels (TAG_Int)
   id (TAG_String)
   Primary (TAG_Int)
   Secondary (TAG_Int)
   x (TAG_Int)
   y (TAG_Int)
   z (TAG_Int)
  14/93 (TAG_Compound)
   Levels (TAG_Int)
   id (TAG_String)
   Primary (TAG_Int)
   Secondary (TAG_Int)
   x (TAG_Int)
   y (TAG_Int)
   z (TAG_Int)
  15/93 (TAG_Compound)
   Levels (TAG_Int)
   id (TAG_String)
   Primary (TAG_Int)
   Secondary (TAG_Int)
   x (TAG_Int)
   y (TAG_Int)
   z (TAG_Int)
  16/93 (TAG_Compound)
   Levels (TAG_Int)
   id (TAG_String)
   Primary (TAG_Int)
   Secondary (TAG_Int)
   x (TAG_Int)
   y (TAG_Int)
   z (TAG_Int)
  17/93 (TAG_Compound)
   Levels (TAG_Int)
   id (TAG_String)
   Primary (TAG_Int)
   Secondary (TAG_Int)
   x (TAG_Int)
   y (TAG_Int)
   z (TAG_Int)
  18/93 (TAG_Compound)
   Levels (TAG_Int)
   id (TAG_String)
   Primary (TAG_Int)
   Secondary (TAG_Int)
   x (TAG_Int)
   y (TAG_Int)
   z (TAG_Int)
  19/93 (TAG_Compound)
   Levels (TAG_Int)
   id (TAG_String)
   Primary (TAG_Int)
   Secondary (TAG_Int)
   x (TAG_Int)
   y (TAG_Int)
   z (TAG_Int)
  20/93 (TAG_Compound)
   Levels (TAG_Int)
   id (TAG_String)
   Primary (TAG_Int)
   Secondary (TAG_Int)
   x (TAG_Int)
   y (TAG_Int)
   z (TAG_Int)
  21/93 (TAG_Compound)
   Levels (TAG_Int)
   id (TAG_String)
   Primary (TAG_Int)
   Secondary (TAG_Int)
   x (TAG_Int)
   y (TAG_Int)
   z (TAG_Int)
  22/93 (TAG_Compound)
   Levels (TAG_Int)
   id (TAG_String)
   Primary (TAG_Int)
   Secondary (TAG_Int)
   x (TAG_Int)
   y (TAG_Int)
   z (TAG_Int)
  23/93 (TAG_Compound)
   Levels (TAG_Int)
   id (TAG_String)
   Primary (TAG_Int)
   Secondary (TAG_Int)
   x (TAG_Int)
   y (TAG_Int)
   z (TAG_Int)
  24/93 (TAG_Compound)
   Levels (TAG_Int)
   id (TAG_String)
   Primary (TAG_Int)
   Secondary (TAG_Int)
   x (TAG_Int)
   y (TAG_Int)
   z (TAG_Int)
  25/93 (TAG_Compound)
   Levels (TAG_Int)
   id (TAG_String)
   Primary (TAG_Int)
   Secondary (TAG_Int)
   x (TAG_Int)
   y (TAG_Int)
   z (TAG_Int)
  26/93 (TAG_Compound)
   Levels (TAG_Int)
   id (TAG_String)
   Primary (TAG_Int)
   Secondary (TAG_Int)
   x (TAG_Int)
   y (TAG_Int)
   z (TAG_Int)
  27/93 (TAG_Compound)
   Levels (TAG_Int)
   id (TAG_String)
   Primary (TAG_Int)
   Secondary (TAG_Int)
   x (TAG_Int)
   y (TAG_Int)
   z (TAG_Int)
  28/93 (TAG_Compound)
   Levels (TAG_Int)
   id (TAG_String)
   Primary (TAG_Int)
   Secondary (TAG_Int)
   x (TAG_Int)
   y (TAG_Int)
   z (TAG_Int)
  29/93 (TAG_Compound)
   Levels (TAG_Int)
   id (TAG_String)
   Primary (TAG_Int)
   Secondary (TAG_Int)
   x (TAG_Int)
   y (TAG_Int)
   z (TAG_Int)
  30/93 (TAG_Compound)
   Levels (TAG_Int)
   id (TAG_String)
   Primary (TAG_Int)
   Secondary (TAG_Int)
   x (TAG_Int)
   y (TAG_Int)
   z (TAG_Int)
  31/93 (TAG_Compound)
   Items (TAG_List)
   id (TAG_String)
   BurnTime (TAG_Short)
   CookTime (TAG_Short)
   x (TAG_Int)
   y (TAG_Int)
   z (TAG_Int)
  32/93 (TAG_Compound)
   Items (TAG_List)
   id (TAG_String)
   BurnTime (TAG_Short)
   CookTime (TAG_Short)
   x (TAG_Int)
   y (TAG_Int)
   z (TAG_Int)
  33/93 (TAG_Compound)
   Levels (TAG_Int)
   id (TAG_String)
   Primary (TAG_Int)
   Secondary (TAG_Int)
   x (TAG_Int)
   y (TAG_Int)
   z (TAG_Int)
  34/93 (TAG_Compound)
   Levels (TAG_Int)
   id (TAG_String)
   Primary (TAG_Int)
   Secondary (TAG_Int)
   x (TAG_Int)
   y (TAG_Int)
   z (TAG_Int)
  35/93 (TAG_Compound)
   Levels (TAG_Int)
   id (TAG_String)
   Primary (TAG_Int)
   Secondary (TAG_Int)
   x (TAG_Int)
   y (TAG_Int)
   z (TAG_Int)
  36/93 (TAG_Compound)
   Levels (TAG_Int)
   id (TAG_String)
   Primary (TAG_Int)
   Secondary (TAG_Int)
   x (TAG_Int)
   y (TAG_Int)
   z (TAG_Int)
  37/93 (TAG_Compound)
   id (TAG_String)
   x (TAG_Int)
   y (TAG_Int)
   z (TAG_Int)
  38/93 (TAG_Compound)
   id (TAG_String)
   x (TAG_Int)
   y (TAG_Int)
   z (TAG_Int)
  39/93 (TAG_Compound)
   Levels (TAG_Int)
   id (TAG_String)
   Primary (TAG_Int)
   Secondary (TAG_Int)
   x (TAG_Int)
   y (TAG_Int)
   z (TAG_Int)
  40/93 (TAG_Compound)
   id (TAG_String)
   x (TAG_Int)
   y (TAG_Int)
   z (TAG_Int)
  41/93 (TAG_Compound)
   Levels (TAG_Int)
   id (TAG_String)
   Primary (TAG_Int)
   Secondary (TAG_Int)
   x (TAG_Int)
   y (TAG_Int)
   z (TAG_Int)
  42/93 (TAG_Compound)
   Levels (TAG_Int)
   id (TAG_String)
   Primary (TAG_Int)
   Secondary (TAG_Int)
   x (TAG_Int)
   y (TAG_Int)
   z (TAG_Int)
  43/93 (TAG_Compound)
   id (TAG_String)
   x (TAG_Int)
   y (TAG_Int)
   z (TAG_Int)
  44/93 (TAG_Compound)
   id (TAG_String)
   x (TAG_Int)
   y (TAG_Int)
   z (TAG_Int)
  45/93 (TAG_Compound)
   Levels (TAG_Int)
   id (TAG_String)
   Primary (TAG_Int)
   Secondary (TAG_Int)
   x (TAG_Int)
   y (TAG_Int)
   z (TAG_Int)
  46/93 (TAG_Compound)
   id (TAG_String)
   x (TAG_Int)
   y (TAG_Int)
   z (TAG_Int)
  47/93 (TAG_Compound)
   id (TAG_String)
   x (TAG_Int)
   y (TAG_Int)
   z (TAG_Int)
  48/93 (TAG_Compound)
   id (TAG_String)
   x (TAG_Int)
   y (TAG_Int)
   z (TAG_Int)
  49/93 (TAG_Compound)
   id (TAG_String)
   x (TAG_Int)
   y (TAG_Int)
   z (TAG_Int)
  50/93 (TAG_Compound)
   Levels (TAG_Int)
   id (TAG_String)
   Primary (TAG_Int)
   Secondary (TAG_Int)
   x (TAG_Int)
   y (TAG_Int)
   z (TAG_Int)
  51/93 (TAG_Compound)
   Levels (TAG_Int)
   id (TAG_String)
   Primary (TAG_Int)
   Secondary (TAG_Int)
   x (TAG_Int)
   y (TAG_Int)
   z (TAG_Int)
  52/93 (TAG_Compound)
   Levels (TAG_Int)
   id (TAG_String)
   Primary (TAG_Int)
   Secondary (TAG_Int)
   x (TAG_Int)
   y (TAG_Int)
   z (TAG_Int)
  53/93 (TAG_Compound)
   Levels (TAG_Int)
   id (TAG_String)
   Primary (TAG_Int)
   Secondary (TAG_Int)
   x (TAG_Int)
   y (TAG_Int)
   z (TAG_Int)
  54/93 (TAG_Compound)
   Levels (TAG_Int)
   id (TAG_String)
   Primary (TAG_Int)
   Secondary (TAG_Int)
   x (TAG_Int)
   y (TAG_Int)
   z (TAG_Int)
  55/93 (TAG_Compound)
   Levels (TAG_Int)
   id (TAG_String)
   Primary (TAG_Int)
   Secondary (TAG_Int)
   x (TAG_Int)
   y (TAG_Int)
   z (TAG_Int)
  56/93 (TAG_Compound)
   Levels (TAG_Int)
   id (TAG_String)
   Primary (TAG_Int)
   Secondary (TAG_Int)
   x (TAG_Int)
   y (TAG_Int)
   z (TAG_Int)
  57/93 (TAG_Compound)
   Levels (TAG_Int)
   id (TAG_String)
   Primary (TAG_Int)
   Secondary (TAG_Int)
   x (TAG_Int)
   y (TAG_Int)
   z (TAG_Int)
  58/93 (TAG_Compound)
   Levels (TAG_Int)
   id (TAG_String)
   Primary (TAG_Int)
   Secondary (TAG_Int)
   x (TAG_Int)
   y (TAG_Int)
   z (TAG_Int)
  59/93 (TAG_Compound)
   Levels (TAG_Int)
   id (TAG_String)
   Primary (TAG_Int)
   Secondary (TAG_Int)
   x (TAG_Int)
   y (TAG_Int)
   z (TAG_Int)
  60/93 (TAG_Compound)
   Levels (TAG_Int)
   id (TAG_String)
   Primary (TAG_Int)
   Secondary (TAG_Int)
   x (TAG_Int)
   y (TAG_Int)
   z (TAG_Int)
  61/93 (TAG_Compound)
   Levels (TAG_Int)
   id (TAG_String)
   Primary (TAG_Int)
   Secondary (TAG_Int)
   x (TAG_Int)
   y (TAG_Int)
   z (TAG_Int)
  62/93 (TAG_Compound)
   Levels (TAG_Int)
   id (TAG_String)
   Primary (TAG_Int)
   Secondary (TAG_Int)
   x (TAG_Int)
   y (TAG_Int)
   z (TAG_Int)
  63/93 (TAG_Compound)
   Levels (TAG_Int)
   id (TAG_String)
   Primary (TAG_Int)
   Secondary (TAG_Int)
   x (TAG_Int)
   y (TAG_Int)
   z (TAG_Int)
  64/93 (TAG_Compound)
   Levels (TAG_Int)
   id (TAG_String)
   Primary (TAG_Int)
   Secondary (TAG_Int)
   x (TAG_Int)
   y (TAG_Int)
   z (TAG_Int)
  65/93 (TAG_Compound)
   Levels (TAG_Int)
   id (TAG_String)
   Primary (TAG_Int)
   Secondary (TAG_Int)
   x (TAG_Int)
   y (TAG_Int)
   z (TAG_Int)
  66/93 (TAG_Compound)
   id (TAG_String)
   x (TAG_Int)
   y (TAG_Int)
   z (TAG_Int)
  67/93 (TAG_Compound)
   id (TAG_String)
   x (TAG_Int)
   y (TAG_Int)
   z (TAG_Int)
  68/93 (TAG_Compound)
   id (TAG_String)
   x (TAG_Int)
   y (TAG_Int)
   z (TAG_Int)
  69/93 (TAG_Compound)
   id (TAG_String)
   x (TAG_Int)
   y (TAG_Int)
   z (TAG_Int)
  70/93 (TAG_Compound)
   Levels (TAG_Int)
   id (TAG_String)
   Primary (TAG_Int)
   Secondary (TAG_Int)
   x (TAG_Int)
   y (TAG_Int)
   z (TAG_Int)
  71/93 (TAG_Compound)
   Levels (TAG_Int)
   id (TAG_String)
   Primary (TAG_Int)
   Secondary (TAG_Int)
   x (TAG_Int)
   y (TAG_Int)
   z (TAG_Int)
  72/93 (TAG_Compound)
   Levels (TAG_Int)
   id (TAG_String)
   Primary (TAG_Int)
   Secondary (TAG_Int)
   x (TAG_Int)
   y (TAG_Int)
   z (TAG_Int)
  73/93 (TAG_Compound)
   id (TAG_String)
   x (TAG_Int)
   y (TAG_Int)
   z (TAG_Int)
  74/93 (TAG_Compound)
   id (TAG_String)
   x (TAG_Int)
   y (TAG_Int)
   z (TAG_Int)
  75/93 (TAG_Compound)
   id (TAG_String)
   x (TAG_Int)
   y (TAG_Int)
   z (TAG_Int)
  76/93 (TAG_Compound)
   id (TAG_String)
   x (TAG_Int)
   y (TAG_Int)
   z (TAG_Int)
  77/93 (TAG_Compound)
   id (TAG_String)
   x (TAG_Int)
   y (TAG_Int)
   z (TAG_Int)
  78/93 (TAG_Compound)
   Levels (TAG_Int)
   id (TAG_String)
   Primary (TAG_Int)
   Secondary (TAG_Int)
   x (TAG_Int)
   y (TAG_Int)
   z (TAG_Int)
  79/93 (TAG_Compound)
   Levels (TAG_Int)
   id (TAG_String)
   Primary (TAG_Int)
   Secondary (TAG_Int)
   x (TAG_Int)
   y (TAG_Int)
   z (TAG_Int)
  80/93 (TAG_Compound)
   Levels (TAG_Int)
   id (TAG_String)
   Primary (TAG_Int)
   Secondary (TAG_Int)
   x (TAG_Int)
   y (TAG_Int)
   z (TAG_Int)
  81/93 (TAG_Compound)
   Levels (TAG_Int)
   id (TAG_String)
   Primary (TAG_Int)
   Secondary (TAG_Int)
   x (TAG_Int)
   y (TAG_Int)
   z (TAG_Int)
  82/93 (TAG_Compound)
   Levels (TAG_Int)
   id (TAG_String)
   Primary (TAG_Int)
   Secondary (TAG_Int)
   x (TAG_Int)
   y (TAG_Int)
   z (TAG_Int)
  83/93 (TAG_Compound)
   Levels (TAG_Int)
   id (TAG_String)
   Primary (TAG_Int)
   Secondary (TAG_Int)
   x (TAG_Int)
   y (TAG_Int)
   z (TAG_Int)
  84/93 (TAG_Compound)
   Levels (TAG_Int)
   id (TAG_String)
   Primary (TAG_Int)
   Secondary (TAG_Int)
   x (TAG_Int)
   y (TAG_Int)
   z (TAG_Int)
  85/93 (TAG_Compound)
   Levels (TAG_Int)
   id (TAG_String)
   Primary (TAG_Int)
   Secondary (TAG_Int)
   x (TAG_Int)
   y (TAG_Int)
   z (TAG_Int)
  86/93 (TAG_Compound)
   Levels (TAG_Int)
   id (TAG_String)
   Primary (TAG_Int)
   Secondary (TAG_Int)
   x (TAG_Int)
   y (TAG_Int)
   z (TAG_Int)
  87/93 (TAG_Compound)
   Levels (TAG_Int)
   id (TAG_String)
   Primary (TAG_Int)
   Secondary (TAG_Int)
   x (TAG_Int)
   y (TAG_Int)
   z (TAG_Int)
  88/93 (TAG_Compound)
   Levels (TAG_Int)
   id (TAG_String)
   Primary (TAG_Int)
   Secondary (TAG_Int)
   x (TAG_Int)
   y (TAG_Int)
   z (TAG_Int)
  89/93 (TAG_Compound)
   Levels (TAG_Int)
   id (TAG_String)
   Primary (TAG_Int)
   Secondary (TAG_Int)
   x (TAG_Int)
   y (TAG_Int)
   z (TAG_Int)
  90/93 (TAG_Compound)
   Levels (TAG_Int)
   id (TAG_String)
   Primary (TAG_Int)
   Secondary (TAG_Int)
   x (TAG_Int)
   y (TAG_Int)
   z (TAG_Int)
  91/93 (TAG_Compound)
   Levels (TAG_Int)
   id (TAG_String)
   Primary (TAG_Int)
   Secondary (TAG_Int)
   x (TAG_Int)
   y (TAG_Int)
   z (TAG_Int)
  92/93 (TAG_Compound)
   Levels (TAG_Int)
   id (TAG_String)
   Primary (TAG_Int)
   Secondary (TAG_Int)
   x (TAG_Int)
   y (TAG_Int)
   z (TAG_Int)
  93/93 (TAG_Compound)
   Levels (TAG_Int)
   id (TAG_String)
   Primary (TAG_Int)
   Secondary (TAG_Int)
   x (TAG_Int)
   y (TAG_Int)
   z (TAG_Int)
 Materials (TAG_String)
 Data (TAG_Byte_Array)
 Biomes (TAG_Byte_Array)
 Blocks (TAG_Byte_Array)
